// Jest Snapshot v1, https://goo.gl/fbAQLP

exports[`Button Calculator Button snapshot 1`] = `
<div
  onClick="onClick"
/>
`;
